// Jest Snapshot v1, https://goo.gl/fbAQLP

exports[`Message matches snapshot 1`] = `
<DocumentFragment>
  <h2
    class="message"
  >
    Snapshot Message
  </h2>
</DocumentFragment>
`;
