// Jest Snapshot v1, https://goo.gl/fbAQLP

exports[`Title matches snapshot 1`] = `
<DocumentFragment>
  <h1>
    Snapshot Title
  </h1>
</DocumentFragment>
`;
